============================= test session starts ==============================
platform darwin -- Python 3.11.12, pytest-9.0.2, pluggy-1.6.0 -- /Users/jackclarke/Repos/solace-agent-mesh/.venv/bin/python
cachedir: .pytest_cache
rootdir: /Users/jackclarke/Repos/solace-agent-mesh
configfile: pyproject.toml
plugins: respx-0.22.0, mock-3.15.1, httpx-0.36.0, anyio-4.9.0, xdist-3.8.0, asyncio-1.3.0, cov-7.0.0
asyncio: mode=Mode.AUTO, debug=False, asyncio_default_fixture_loop_scope=function, asyncio_default_test_loop_scope=function
collecting ... collected 4 items

tests/unit/shared/exceptions/test_internal_service_error.py::TestInternalServiceErrorFastAPIIntegration::test_fastapi_returns_500_on_internal_error PASSED [ 25%]
tests/unit/shared/exceptions/test_internal_service_error.py::TestInternalServiceErrorFastAPIIntegration::test_fastapi_returns_generic_message PASSED [ 50%]
tests/unit/shared/exceptions/test_internal_service_error.py::TestInternalServiceErrorFastAPIIntegration::test_fastapi_logs_error_details PASSED [ 75%]
tests/unit/shared/exceptions/test_internal_service_error.py::TestInternalServiceErrorFastAPIIntegration::test_fastapi_post_method_logged_correctly PASSED [100%]

============================== 4 passed in 0.18s ===============================
